[lomebi.unicornplatform.com/static/templates_css/main.e8bd49841373.css]
[lomebi.unicornplatform.com/static/templates_js/main.76d0d4e37b08.js]
[backblue.gif]
[fade.gif]
[index.html]
[lomebi.unicornplatform.com/static/img/logos/unicorn-platform-logo.svg]
[lomebi.unicornplatform.com/static/img/icons/social/white/twitter.svg]
[lomebi.unicornplatform.com/static/img/icons/social/white/linkedin.svg]
[lomebi.unicornplatform.com/index.html]
[lomebi.unicornplatform.com/static/img/other/white-waves.8fbe13fbd386.svg]
[lomebi.unicornplatform.com/static/img/icons/view--white.3698874f7421.svg]
[lomebi.unicornplatform.com/static/img/other/cloud_arrow.e1e77f60cc40.svg]
[lomebi.unicornplatform.com/static/img/other/plugin/default-skin.e3f799c6dec9.png]
[lomebi.unicornplatform.com/static/img/other/plugin/default-skin.8f650f669dab.svg]
[lomebi.unicornplatform.com/static/templates_css/main.e8bd49841373.css]
[lomebi.unicornplatform.com/static/img/logos/unicorn-platform-logo.svg]
[lomebi.unicornplatform.com/static/img/twemoji/1f64c.svg]
[lomebi.unicornplatform.com/about-us/index.html]
[lomebi.unicornplatform.com/contact-us/index.html]
[lomebi.unicornplatform.com/sign-up/index.html]
[lomebi.unicornplatform.com/product/index.html]
[lomebi.unicornplatform.com/static/img/icons/social/white/twitter.svg]
[lomebi.unicornplatform.com/static/img/icons/social/white/linkedin.svg]
[lomebi.unicornplatform.com/static/img/other/white-waves.8fbe13fbd386.svg]
[lomebi.unicornplatform.com/static/img/icons/view--white.3698874f7421.svg]
[lomebi.unicornplatform.com/static/img/other/cloud_arrow.e1e77f60cc40.svg]
[lomebi.unicornplatform.com/static/img/other/plugin/default-skin.8f650f669dab.svg]
[lomebi.unicornplatform.com/static/img/twemoji/1f64c.svg]
